  Determining projects to restore...
  All projects are up-to-date for restore.
C:\Development\Source\aspire\src\Aspire.Dashboard\Components\Controls\InteractionInputField.razor(14,5): error RZ10012: Found markup element with unexpected name 'FluentInputLabel'. If this is intended to be a component, add a @using directive for its namespace. [C:\Development\Source\aspire\src\Aspire.Dashboard\Aspire.Dashboard.csproj]
C:\Development\Source\aspire\src\Aspire.Dashboard\Components\Controls\LogLevelSelect.razor(9,5): error RZ10012: Found markup element with unexpected name 'FluentInputLabel'. If this is intended to be a component, add a @using directive for its namespace. [C:\Development\Source\aspire\src\Aspire.Dashboard\Aspire.Dashboard.csproj]
C:\Development\Source\aspire\src\Aspire.Dashboard\Components\Controls\ResourceSelect.razor(3,1): error RZ10012: Found markup element with unexpected name 'FluentInputLabel'. If this is intended to be a component, add a @using directive for its namespace. [C:\Development\Source\aspire\src\Aspire.Dashboard\Aspire.Dashboard.csproj]
C:\Development\Source\aspire\src\Aspire.Dashboard\Components\Controls\SpanTypeSelect.razor(7,5): error RZ10012: Found markup element with unexpected name 'FluentInputLabel'. If this is intended to be a component, add a @using directive for its namespace. [C:\Development\Source\aspire\src\Aspire.Dashboard\Aspire.Dashboard.csproj]
C:\Development\Source\aspire\src\Aspire.Dashboard\Components\Controls\TreeMetricSelector.razor(12,5): error RZ10012: Found markup element with unexpected name 'FluentInputLabel'. If this is intended to be a component, add a @using directive for its namespace. [C:\Development\Source\aspire\src\Aspire.Dashboard\Aspire.Dashboard.csproj]
C:\Development\Source\aspire\src\Aspire.Dashboard\Components\Dialogs\AIAgentsDialog.razor(3,1): error RZ10012: Found markup element with unexpected name 'FluentDialogHeader'. If this is intended to be a component, add a @using directive for its namespace. [C:\Development\Source\aspire\src\Aspire.Dashboard\Aspire.Dashboard.csproj]
C:\Development\Source\aspire\src\Aspire.Dashboard\Components\Controls\Chart\ChartFilters.razor(60,29): error RZ10012: Found markup element with unexpected name 'Header'. If this is intended to be a component, add a @using directive for its namespace. [C:\Development\Source\aspire\src\Aspire.Dashboard\Aspire.Dashboard.csproj]
C:\Development\Source\aspire\src\Aspire.Dashboard\Components\Controls\Chart\ChartFilters.razor(61,29): error RZ10012: Found markup element with unexpected name 'Body'. If this is intended to be a component, add a @using directive for its namespace. [C:\Development\Source\aspire\src\Aspire.Dashboard\Aspire.Dashboard.csproj]
C:\Development\Source\aspire\src\Aspire.Dashboard\Components\Controls\ResourceDetails.razor(14,5): error RZ10012: Found markup element with unexpected name 'FluentToolbar'. If this is intended to be a component, add a @using directive for its namespace. [C:\Development\Source\aspire\src\Aspire.Dashboard\Aspire.Dashboard.csproj]
C:\Development\Source\aspire\src\Aspire.Dashboard\Components\Controls\SpanDetails.razor(9,9): error RZ10012: Found markup element with unexpected name 'FluentToolbar'. If this is intended to be a component, add a @using directive for its namespace. [C:\Development\Source\aspire\src\Aspire.Dashboard\Aspire.Dashboard.csproj]
C:\Development\Source\aspire\src\Aspire.Dashboard\Components\Controls\StructuredLogDetails.razor(8,5): error RZ10012: Found markup element with unexpected name 'FluentToolbar'. If this is intended to be a component, add a @using directive for its namespace. [C:\Development\Source\aspire\src\Aspire.Dashboard\Aspire.Dashboard.csproj]
C:\Development\Source\aspire\src\Aspire.Dashboard\Components\Controls\UserProfile.razor(6,17): error RZ10012: Found markup element with unexpected name 'FluentProfileMenu'. If this is intended to be a component, add a @using directive for its namespace. [C:\Development\Source\aspire\src\Aspire.Dashboard\Aspire.Dashboard.csproj]
C:\Development\Source\aspire\src\Aspire.Dashboard\Components\Controls\UserProfile.razor(11,21): error RZ10012: Found markup element with unexpected name 'HeaderTemplate'. If this is intended to be a component, add a @using directive for its namespace. [C:\Development\Source\aspire\src\Aspire.Dashboard\Aspire.Dashboard.csproj]
C:\Development\Source\aspire\src\Aspire.Dashboard\Components\Controls\UserProfile.razor(21,21): error RZ10012: Found markup element with unexpected name 'ChildContent'. If this is intended to be a component, add a @using directive for its namespace. [C:\Development\Source\aspire\src\Aspire.Dashboard\Aspire.Dashboard.csproj]
C:\Development\Source\aspire\src\Aspire.Dashboard\Components\Controls\UserProfile.razor(23,29): error RZ10012: Found markup element with unexpected name 'FluentPersona'. If this is intended to be a component, add a @using directive for its namespace. [C:\Development\Source\aspire\src\Aspire.Dashboard\Aspire.Dashboard.csproj]
C:\Development\Source\aspire\src\Aspire.Dashboard\Components\Dialogs\AssistantModalDialog.razor(39,1): error RZ10012: Found markup element with unexpected name 'FluentDialogHeader'. If this is intended to be a component, add a @using directive for its namespace. [C:\Development\Source\aspire\src\Aspire.Dashboard\Aspire.Dashboard.csproj]
C:\Development\Source\aspire\src\Aspire.Dashboard\Components\Dialogs\AssistantModalDialog.razor(48,1): error RZ10012: Found markup element with unexpected name 'FluentDialogFooter'. If this is intended to be a component, add a @using directive for its namespace. [C:\Development\Source\aspire\src\Aspire.Dashboard\Aspire.Dashboard.csproj]
C:\Development\Source\aspire\src\Aspire.Dashboard\Components\Dialogs\GenAIVisualizerDialog.razor(7,1): error RZ10012: Found markup element with unexpected name 'FluentDialogHeader'. If this is intended to be a component, add a @using directive for its namespace. [C:\Development\Source\aspire\src\Aspire.Dashboard\Aspire.Dashboard.csproj]
C:\Development\Source\aspire\src\Aspire.Dashboard\Components\Dialogs\GenAIVisualizerDialog.razor(273,41): error RZ10012: Found markup element with unexpected name 'Header'. If this is intended to be a component, add a @using directive for its namespace. [C:\Development\Source\aspire\src\Aspire.Dashboard\Aspire.Dashboard.csproj]
C:\Development\Source\aspire\src\Aspire.Dashboard\Components\Dialogs\GenAIVisualizerDialog.razor(284,41): error RZ10012: Found markup element with unexpected name 'Header'. If this is intended to be a component, add a @using directive for its namespace. [C:\Development\Source\aspire\src\Aspire.Dashboard\Aspire.Dashboard.csproj]
C:\Development\Source\aspire\src\Aspire.Dashboard\Components\Dialogs\GenAIVisualizerDialog.razor(470,1): error RZ10012: Found markup element with unexpected name 'FluentDialogFooter'. If this is intended to be a component, add a @using directive for its namespace. [C:\Development\Source\aspire\src\Aspire.Dashboard\Aspire.Dashboard.csproj]
C:\Development\Source\aspire\src\Aspire.Dashboard\Components\Dialogs\InteractionsInputDialog.razor(10,1): error RZ10012: Found markup element with unexpected name 'FluentDialogHeader'. If this is intended to be a component, add a @using directive for its namespace. [C:\Development\Source\aspire\src\Aspire.Dashboard\Aspire.Dashboard.csproj]
C:\Development\Source\aspire\src\Aspire.Dashboard\Components\Dialogs\InteractionsInputDialog.razor(175,1): error RZ10012: Found markup element with unexpected name 'FluentDialogFooter'. If this is intended to be a component, add a @using directive for its namespace. [C:\Development\Source\aspire\src\Aspire.Dashboard\Aspire.Dashboard.csproj]
C:\Development\Source\aspire\src\Aspire.Dashboard\Components\Dialogs\TextVisualizerDialog.razor(8,1): error RZ10012: Found markup element with unexpected name 'FluentDialogHeader'. If this is intended to be a component, add a @using directive for its namespace. [C:\Development\Source\aspire\src\Aspire.Dashboard\Aspire.Dashboard.csproj]
C:\Development\Source\aspire\src\Aspire.Dashboard\Components\Dialogs\TextVisualizerDialog.razor(97,1): error RZ10012: Found markup element with unexpected name 'FluentDialogFooter'. If this is intended to be a component, add a @using directive for its namespace. [C:\Development\Source\aspire\src\Aspire.Dashboard\Aspire.Dashboard.csproj]
C:\Development\Source\aspire\src\Aspire.Dashboard\Components\Layout\AspirePageContentLayout.razor(15,17): error RZ10012: Found markup element with unexpected name 'FluentToolbar'. If this is intended to be a component, add a @using directive for its namespace. [C:\Development\Source\aspire\src\Aspire.Dashboard\Aspire.Dashboard.csproj]
C:\Development\Source\aspire\src\Aspire.Dashboard\Components\Layout\AspirePageContentLayout.razor(21,17): error RZ10012: Found markup element with unexpected name 'FluentToolbar'. If this is intended to be a component, add a @using directive for its namespace. [C:\Development\Source\aspire\src\Aspire.Dashboard\Aspire.Dashboard.csproj]
C:\Development\Source\aspire\src\Aspire.Dashboard\Components\Layout\AspirePageContentLayout.razor(31,13): error RZ10012: Found markup element with unexpected name 'FluentToolbar'. If this is intended to be a component, add a @using directive for its namespace. [C:\Development\Source\aspire\src\Aspire.Dashboard\Aspire.Dashboard.csproj]
C:\Development\Source\aspire\src\Aspire.Dashboard\Components\Layout\MainLayout.razor(20,9): error RZ10012: Found markup element with unexpected name 'FluentHeader'. If this is intended to be a component, add a @using directive for its namespace. [C:\Development\Source\aspire\src\Aspire.Dashboard\Aspire.Dashboard.csproj]
C:\Development\Source\aspire\src\Aspire.Dashboard\Components\Layout\MainLayout.razor(69,9): error RZ10012: Found markup element with unexpected name 'FluentHeader'. If this is intended to be a component, add a @using directive for its namespace. [C:\Development\Source\aspire\src\Aspire.Dashboard\Aspire.Dashboard.csproj]
C:\Development\Source\aspire\src\Aspire.Dashboard\Components\Layout\MainLayout.razor(98,9): error RZ10012: Found markup element with unexpected name 'FluentMessageBarProvider'. If this is intended to be a component, add a @using directive for its namespace. [C:\Development\Source\aspire\src\Aspire.Dashboard\Aspire.Dashboard.csproj]
C:\Development\Source\aspire\src\Aspire.Dashboard\Components\Layout\MainLayout.razor(105,9): error RZ10012: Found markup element with unexpected name 'FluentBodyContent'. If this is intended to be a component, add a @using directive for its namespace. [C:\Development\Source\aspire\src\Aspire.Dashboard\Aspire.Dashboard.csproj]
C:\Development\Source\aspire\src\Aspire.Dashboard\Components\Layout\MainLayout.razor(117,5): error RZ10012: Found markup element with unexpected name 'FluentMenuProvider'. If this is intended to be a component, add a @using directive for its namespace. [C:\Development\Source\aspire\src\Aspire.Dashboard\Aspire.Dashboard.csproj]
C:\Development\Source\aspire\src\Aspire.Dashboard\Components\Pages\Login.razor(29,21): error RZ10012: Found markup element with unexpected name 'FluentValidationMessage'. If this is intended to be a component, add a @using directive for its namespace. [C:\Development\Source\aspire\src\Aspire.Dashboard\Aspire.Dashboard.csproj]
C:\Development\Source\aspire\src\Aspire.Dashboard\Components\Pages\Metrics.razor(53,13): error RZ10012: Found markup element with unexpected name 'FluentInputLabel'. If this is intended to be a component, add a @using directive for its namespace. [C:\Development\Source\aspire\src\Aspire.Dashboard\Aspire.Dashboard.csproj]
C:\Development\Source\aspire\src\Aspire.Dashboard\Components\Pages\Resources.razor(79,17): error RZ10012: Found markup element with unexpected name 'Body'. If this is intended to be a component, add a @using directive for its namespace. [C:\Development\Source\aspire\src\Aspire.Dashboard\Aspire.Dashboard.csproj]
C:\Development\Source\aspire\src\Aspire.Dashboard\Components\ResourcesGridColumns\UrlsColumnDisplay.razor(40,21): error RZ10012: Found markup element with unexpected name 'Header'. If this is intended to be a component, add a @using directive for its namespace. [C:\Development\Source\aspire\src\Aspire.Dashboard\Aspire.Dashboard.csproj]
C:\Development\Source\aspire\src\Aspire.Dashboard\Components\ResourcesGridColumns\UrlsColumnDisplay.razor(43,21): error RZ10012: Found markup element with unexpected name 'Body'. If this is intended to be a component, add a @using directive for its namespace. [C:\Development\Source\aspire\src\Aspire.Dashboard\Aspire.Dashboard.csproj]
C:\Development\Source\aspire\src\Aspire.Dashboard\Model\MessageService\DialogParameters.cs(64,32): error CS0108: 'DialogParameters<TContent>.Alignment' hides inherited member 'DialogParameters.Alignment'. Use the new keyword if hiding was intended. [C:\Development\Source\aspire\src\Aspire.Dashboard\Aspire.Dashboard.csproj]
C:\Development\Source\aspire\src\Aspire.Dashboard\Configuration\DashboardOptions.cs(429,38): error SYSLIB0057: 'X509Certificate2.X509Certificate2(byte[])' is obsolete: 'Loading certificate data through the constructor or Import is obsolete. Use X509CertificateLoader instead to load certificates.' (https://aka.ms/dotnet-warnings/SYSLIB0057) [C:\Development\Source\aspire\src\Aspire.Dashboard\Aspire.Dashboard.csproj]
C:\Development\Source\aspire\src\Aspire.Dashboard\Components\Controls\Chart\ChartContainer.razor(33,72): error CS8974: Converting method group 'OnTabChangeAsync' to non-delegate type 'object'. Did you intend to invoke the method? [C:\Development\Source\aspire\src\Aspire.Dashboard\Aspire.Dashboard.csproj]
C:\Development\Source\aspire\src\Aspire.Dashboard\ServiceClient\DashboardClient.cs(186,25): error SYSLIB0057: 'X509Certificate2.X509Certificate2(string, string?)' is obsolete: 'Loading certificate data through the constructor or Import is obsolete. Use X509CertificateLoader instead to load certificates.' (https://aka.ms/dotnet-warnings/SYSLIB0057) [C:\Development\Source\aspire\src\Aspire.Dashboard\Aspire.Dashboard.csproj]
C:\Development\Source\aspire\src\Aspire.Dashboard\Components\Dialogs\TextVisualizerDialog.razor(23,51): error CS8974: Converting method group 'OnFormatOptionChanged' to non-delegate type 'object'. Did you intend to invoke the method? [C:\Development\Source\aspire\src\Aspire.Dashboard\Aspire.Dashboard.csproj]
C:\Development\Source\aspire\src\Aspire.Dashboard\Components\Dialogs\GenAIVisualizerDialog.razor(65,106): error CS8974: Converting method group 'OnMessageTabChange' to non-delegate type 'object'. Did you intend to invoke the method? [C:\Development\Source\aspire\src\Aspire.Dashboard\Aspire.Dashboard.csproj]
C:\Development\Source\aspire\src\Aspire.Dashboard\Components\Dialogs\GenAIVisualizerDialog.razor(262,109): error CS8974: Converting method group 'OnOverviewTabChange' to non-delegate type 'object'. Did you intend to invoke the method? [C:\Development\Source\aspire\src\Aspire.Dashboard\Aspire.Dashboard.csproj]
C:\Development\Source\aspire\src\Aspire.Dashboard\Components\Pages\Resources.razor(103,145): error CS8974: Converting method group 'OnTabChangeAsync' to non-delegate type 'object'. Did you intend to invoke the method? [C:\Development\Source\aspire\src\Aspire.Dashboard\Aspire.Dashboard.csproj]
C:\Development\Source\aspire\src\Aspire.Dashboard\Components\Controls\AspireMenu.razor.cs(52,26): error IDE0059: Unnecessary assignment of a value to 'menu' (https://learn.microsoft.com/dotnet/fundamentals/code-analysis/style-rules/ide0059) [C:\Development\Source\aspire\src\Aspire.Dashboard\Aspire.Dashboard.csproj]
C:\Development\Source\aspire\src\Aspire.Dashboard\Components\Controls\AspireMenu.razor.cs(112,18): error IDE0051: Private member 'AspireMenu.OnOpenChanged' is unused (https://learn.microsoft.com/dotnet/fundamentals/code-analysis/style-rules/ide0051) [C:\Development\Source\aspire\src\Aspire.Dashboard\Aspire.Dashboard.csproj]
C:\Development\Source\aspire\src\Aspire.Dashboard\Components\Controls\ResourceSelect.razor.cs(51,25): error IDE0051: Private member 'ResourceSelect.ValuedChanged' is unused (https://learn.microsoft.com/dotnet/fundamentals/code-analysis/style-rules/ide0051) [C:\Development\Source\aspire\src\Aspire.Dashboard\Aspire.Dashboard.csproj]
C:\Development\Source\aspire\src\Aspire.Dashboard\Components\Controls\ResourceSelect.razor.cs(51,47): error IDE0060: Remove unused parameter 'value' (https://learn.microsoft.com/dotnet/fundamentals/code-analysis/style-rules/ide0060) [C:\Development\Source\aspire\src\Aspire.Dashboard\Aspire.Dashboard.csproj]
C:\Development\Source\aspire\src\Aspire.Dashboard\Model\DashboardDialogService.cs(19,20): error IDE0051: Private member 'DashboardDialogService.CloseButtonText' is unused (https://learn.microsoft.com/dotnet/fundamentals/code-analysis/style-rules/ide0051) [C:\Development\Source\aspire\src\Aspire.Dashboard\Aspire.Dashboard.csproj]
C:\Development\Source\aspire\src\Aspire.Dashboard\Model\DashboardCommandExecutor.cs(287,13): error IDE0059: Unnecessary assignment of a value to 'reference' (https://learn.microsoft.com/dotnet/fundamentals/code-analysis/style-rules/ide0059) [C:\Development\Source\aspire\src\Aspire.Dashboard\Aspire.Dashboard.csproj]
C:\Development\Source\aspire\src\Aspire.Dashboard\Components\Dialogs\SettingsDialog.razor.cs(96,25): error IDE0051: Private member 'SettingsDialog.ValueChanged' is unused (https://learn.microsoft.com/dotnet/fundamentals/code-analysis/style-rules/ide0051) [C:\Development\Source\aspire\src\Aspire.Dashboard\Aspire.Dashboard.csproj]
C:\Development\Source\aspire\src\Aspire.Dashboard\Components\Dialogs\SettingsDialog.razor.cs(96,46): error IDE0060: Remove unused parameter 'value' (https://learn.microsoft.com/dotnet/fundamentals/code-analysis/style-rules/ide0060) [C:\Development\Source\aspire\src\Aspire.Dashboard\Aspire.Dashboard.csproj]
C:\Development\Source\aspire\src\Aspire.Dashboard\Components\Pages\Resources.razor.cs(998,24): error IDE0051: Private member 'Resources.ContextMenuClosed' is unused (https://learn.microsoft.com/dotnet/fundamentals/code-analysis/style-rules/ide0051) [C:\Development\Source\aspire\src\Aspire.Dashboard\Aspire.Dashboard.csproj]
C:\Development\Source\aspire\src\Aspire.Dashboard\Components\Pages\Resources.razor.cs(998,93): error IDE0060: Remove unused parameter 'args' (https://learn.microsoft.com/dotnet/fundamentals/code-analysis/style-rules/ide0060) [C:\Development\Source\aspire\src\Aspire.Dashboard\Aspire.Dashboard.csproj]
C:\Development\Source\aspire\src\Aspire.Dashboard\Components\Controls\SpanDetails.razor.cs(14,1): error IDE0005: Using directive is unnecessary. (https://learn.microsoft.com/dotnet/fundamentals/code-analysis/style-rules/ide0005) [C:\Development\Source\aspire\src\Aspire.Dashboard\Aspire.Dashboard.csproj]
C:\Development\Source\aspire\src\Aspire.Dashboard\Components\Dialogs\InteractionsInputDialog.razor.cs(4,1): error IDE0005: Using directive is unnecessary. (https://learn.microsoft.com/dotnet/fundamentals/code-analysis/style-rules/ide0005) [C:\Development\Source\aspire\src\Aspire.Dashboard\Aspire.Dashboard.csproj]
C:\Development\Source\aspire\src\Aspire.Dashboard\Components\Dialogs\AIAgentsDialog.razor.cs(11,1): error IDE0005: Using directive is unnecessary. (https://learn.microsoft.com/dotnet/fundamentals/code-analysis/style-rules/ide0005) [C:\Development\Source\aspire\src\Aspire.Dashboard\Aspire.Dashboard.csproj]
C:\Development\Source\aspire\src\Aspire.Dashboard\Model\TraceLinkHelpers.cs(7,1): error IDE0005: Using directive is unnecessary. (https://learn.microsoft.com/dotnet/fundamentals/code-analysis/style-rules/ide0005) [C:\Development\Source\aspire\src\Aspire.Dashboard\Aspire.Dashboard.csproj]
C:\Development\Source\aspire\src\Aspire.Dashboard\Otlp\Storage\TelemetryRepository.cs(18,1): error IDE0005: Using directive is unnecessary. (https://learn.microsoft.com/dotnet/fundamentals/code-analysis/style-rules/ide0005) [C:\Development\Source\aspire\src\Aspire.Dashboard\Aspire.Dashboard.csproj]

Build FAILED.

C:\Development\Source\aspire\src\Aspire.Dashboard\Components\Controls\InteractionInputField.razor(14,5): error RZ10012: Found markup element with unexpected name 'FluentInputLabel'. If this is intended to be a component, add a @using directive for its namespace. [C:\Development\Source\aspire\src\Aspire.Dashboard\Aspire.Dashboard.csproj]
C:\Development\Source\aspire\src\Aspire.Dashboard\Components\Controls\LogLevelSelect.razor(9,5): error RZ10012: Found markup element with unexpected name 'FluentInputLabel'. If this is intended to be a component, add a @using directive for its namespace. [C:\Development\Source\aspire\src\Aspire.Dashboard\Aspire.Dashboard.csproj]
C:\Development\Source\aspire\src\Aspire.Dashboard\Components\Controls\ResourceSelect.razor(3,1): error RZ10012: Found markup element with unexpected name 'FluentInputLabel'. If this is intended to be a component, add a @using directive for its namespace. [C:\Development\Source\aspire\src\Aspire.Dashboard\Aspire.Dashboard.csproj]
C:\Development\Source\aspire\src\Aspire.Dashboard\Components\Controls\SpanTypeSelect.razor(7,5): error RZ10012: Found markup element with unexpected name 'FluentInputLabel'. If this is intended to be a component, add a @using directive for its namespace. [C:\Development\Source\aspire\src\Aspire.Dashboard\Aspire.Dashboard.csproj]
C:\Development\Source\aspire\src\Aspire.Dashboard\Components\Controls\TreeMetricSelector.razor(12,5): error RZ10012: Found markup element with unexpected name 'FluentInputLabel'. If this is intended to be a component, add a @using directive for its namespace. [C:\Development\Source\aspire\src\Aspire.Dashboard\Aspire.Dashboard.csproj]
C:\Development\Source\aspire\src\Aspire.Dashboard\Components\Dialogs\AIAgentsDialog.razor(3,1): error RZ10012: Found markup element with unexpected name 'FluentDialogHeader'. If this is intended to be a component, add a @using directive for its namespace. [C:\Development\Source\aspire\src\Aspire.Dashboard\Aspire.Dashboard.csproj]
C:\Development\Source\aspire\src\Aspire.Dashboard\Components\Controls\Chart\ChartFilters.razor(60,29): error RZ10012: Found markup element with unexpected name 'Header'. If this is intended to be a component, add a @using directive for its namespace. [C:\Development\Source\aspire\src\Aspire.Dashboard\Aspire.Dashboard.csproj]
C:\Development\Source\aspire\src\Aspire.Dashboard\Components\Controls\Chart\ChartFilters.razor(61,29): error RZ10012: Found markup element with unexpected name 'Body'. If this is intended to be a component, add a @using directive for its namespace. [C:\Development\Source\aspire\src\Aspire.Dashboard\Aspire.Dashboard.csproj]
C:\Development\Source\aspire\src\Aspire.Dashboard\Components\Controls\ResourceDetails.razor(14,5): error RZ10012: Found markup element with unexpected name 'FluentToolbar'. If this is intended to be a component, add a @using directive for its namespace. [C:\Development\Source\aspire\src\Aspire.Dashboard\Aspire.Dashboard.csproj]
C:\Development\Source\aspire\src\Aspire.Dashboard\Components\Controls\SpanDetails.razor(9,9): error RZ10012: Found markup element with unexpected name 'FluentToolbar'. If this is intended to be a component, add a @using directive for its namespace. [C:\Development\Source\aspire\src\Aspire.Dashboard\Aspire.Dashboard.csproj]
C:\Development\Source\aspire\src\Aspire.Dashboard\Components\Controls\StructuredLogDetails.razor(8,5): error RZ10012: Found markup element with unexpected name 'FluentToolbar'. If this is intended to be a component, add a @using directive for its namespace. [C:\Development\Source\aspire\src\Aspire.Dashboard\Aspire.Dashboard.csproj]
C:\Development\Source\aspire\src\Aspire.Dashboard\Components\Controls\UserProfile.razor(6,17): error RZ10012: Found markup element with unexpected name 'FluentProfileMenu'. If this is intended to be a component, add a @using directive for its namespace. [C:\Development\Source\aspire\src\Aspire.Dashboard\Aspire.Dashboard.csproj]
C:\Development\Source\aspire\src\Aspire.Dashboard\Components\Controls\UserProfile.razor(11,21): error RZ10012: Found markup element with unexpected name 'HeaderTemplate'. If this is intended to be a component, add a @using directive for its namespace. [C:\Development\Source\aspire\src\Aspire.Dashboard\Aspire.Dashboard.csproj]
C:\Development\Source\aspire\src\Aspire.Dashboard\Components\Controls\UserProfile.razor(21,21): error RZ10012: Found markup element with unexpected name 'ChildContent'. If this is intended to be a component, add a @using directive for its namespace. [C:\Development\Source\aspire\src\Aspire.Dashboard\Aspire.Dashboard.csproj]
C:\Development\Source\aspire\src\Aspire.Dashboard\Components\Controls\UserProfile.razor(23,29): error RZ10012: Found markup element with unexpected name 'FluentPersona'. If this is intended to be a component, add a @using directive for its namespace. [C:\Development\Source\aspire\src\Aspire.Dashboard\Aspire.Dashboard.csproj]
C:\Development\Source\aspire\src\Aspire.Dashboard\Components\Dialogs\AssistantModalDialog.razor(39,1): error RZ10012: Found markup element with unexpected name 'FluentDialogHeader'. If this is intended to be a component, add a @using directive for its namespace. [C:\Development\Source\aspire\src\Aspire.Dashboard\Aspire.Dashboard.csproj]
C:\Development\Source\aspire\src\Aspire.Dashboard\Components\Dialogs\AssistantModalDialog.razor(48,1): error RZ10012: Found markup element with unexpected name 'FluentDialogFooter'. If this is intended to be a component, add a @using directive for its namespace. [C:\Development\Source\aspire\src\Aspire.Dashboard\Aspire.Dashboard.csproj]
C:\Development\Source\aspire\src\Aspire.Dashboard\Components\Dialogs\GenAIVisualizerDialog.razor(7,1): error RZ10012: Found markup element with unexpected name 'FluentDialogHeader'. If this is intended to be a component, add a @using directive for its namespace. [C:\Development\Source\aspire\src\Aspire.Dashboard\Aspire.Dashboard.csproj]
C:\Development\Source\aspire\src\Aspire.Dashboard\Components\Dialogs\GenAIVisualizerDialog.razor(273,41): error RZ10012: Found markup element with unexpected name 'Header'. If this is intended to be a component, add a @using directive for its namespace. [C:\Development\Source\aspire\src\Aspire.Dashboard\Aspire.Dashboard.csproj]
C:\Development\Source\aspire\src\Aspire.Dashboard\Components\Dialogs\GenAIVisualizerDialog.razor(284,41): error RZ10012: Found markup element with unexpected name 'Header'. If this is intended to be a component, add a @using directive for its namespace. [C:\Development\Source\aspire\src\Aspire.Dashboard\Aspire.Dashboard.csproj]
C:\Development\Source\aspire\src\Aspire.Dashboard\Components\Dialogs\GenAIVisualizerDialog.razor(470,1): error RZ10012: Found markup element with unexpected name 'FluentDialogFooter'. If this is intended to be a component, add a @using directive for its namespace. [C:\Development\Source\aspire\src\Aspire.Dashboard\Aspire.Dashboard.csproj]
C:\Development\Source\aspire\src\Aspire.Dashboard\Components\Dialogs\InteractionsInputDialog.razor(10,1): error RZ10012: Found markup element with unexpected name 'FluentDialogHeader'. If this is intended to be a component, add a @using directive for its namespace. [C:\Development\Source\aspire\src\Aspire.Dashboard\Aspire.Dashboard.csproj]
C:\Development\Source\aspire\src\Aspire.Dashboard\Components\Dialogs\InteractionsInputDialog.razor(175,1): error RZ10012: Found markup element with unexpected name 'FluentDialogFooter'. If this is intended to be a component, add a @using directive for its namespace. [C:\Development\Source\aspire\src\Aspire.Dashboard\Aspire.Dashboard.csproj]
C:\Development\Source\aspire\src\Aspire.Dashboard\Components\Dialogs\TextVisualizerDialog.razor(8,1): error RZ10012: Found markup element with unexpected name 'FluentDialogHeader'. If this is intended to be a component, add a @using directive for its namespace. [C:\Development\Source\aspire\src\Aspire.Dashboard\Aspire.Dashboard.csproj]
C:\Development\Source\aspire\src\Aspire.Dashboard\Components\Dialogs\TextVisualizerDialog.razor(97,1): error RZ10012: Found markup element with unexpected name 'FluentDialogFooter'. If this is intended to be a component, add a @using directive for its namespace. [C:\Development\Source\aspire\src\Aspire.Dashboard\Aspire.Dashboard.csproj]
C:\Development\Source\aspire\src\Aspire.Dashboard\Components\Layout\AspirePageContentLayout.razor(15,17): error RZ10012: Found markup element with unexpected name 'FluentToolbar'. If this is intended to be a component, add a @using directive for its namespace. [C:\Development\Source\aspire\src\Aspire.Dashboard\Aspire.Dashboard.csproj]
C:\Development\Source\aspire\src\Aspire.Dashboard\Components\Layout\AspirePageContentLayout.razor(21,17): error RZ10012: Found markup element with unexpected name 'FluentToolbar'. If this is intended to be a component, add a @using directive for its namespace. [C:\Development\Source\aspire\src\Aspire.Dashboard\Aspire.Dashboard.csproj]
C:\Development\Source\aspire\src\Aspire.Dashboard\Components\Layout\AspirePageContentLayout.razor(31,13): error RZ10012: Found markup element with unexpected name 'FluentToolbar'. If this is intended to be a component, add a @using directive for its namespace. [C:\Development\Source\aspire\src\Aspire.Dashboard\Aspire.Dashboard.csproj]
C:\Development\Source\aspire\src\Aspire.Dashboard\Components\Layout\MainLayout.razor(20,9): error RZ10012: Found markup element with unexpected name 'FluentHeader'. If this is intended to be a component, add a @using directive for its namespace. [C:\Development\Source\aspire\src\Aspire.Dashboard\Aspire.Dashboard.csproj]
C:\Development\Source\aspire\src\Aspire.Dashboard\Components\Layout\MainLayout.razor(69,9): error RZ10012: Found markup element with unexpected name 'FluentHeader'. If this is intended to be a component, add a @using directive for its namespace. [C:\Development\Source\aspire\src\Aspire.Dashboard\Aspire.Dashboard.csproj]
C:\Development\Source\aspire\src\Aspire.Dashboard\Components\Layout\MainLayout.razor(98,9): error RZ10012: Found markup element with unexpected name 'FluentMessageBarProvider'. If this is intended to be a component, add a @using directive for its namespace. [C:\Development\Source\aspire\src\Aspire.Dashboard\Aspire.Dashboard.csproj]
C:\Development\Source\aspire\src\Aspire.Dashboard\Components\Layout\MainLayout.razor(105,9): error RZ10012: Found markup element with unexpected name 'FluentBodyContent'. If this is intended to be a component, add a @using directive for its namespace. [C:\Development\Source\aspire\src\Aspire.Dashboard\Aspire.Dashboard.csproj]
C:\Development\Source\aspire\src\Aspire.Dashboard\Components\Layout\MainLayout.razor(117,5): error RZ10012: Found markup element with unexpected name 'FluentMenuProvider'. If this is intended to be a component, add a @using directive for its namespace. [C:\Development\Source\aspire\src\Aspire.Dashboard\Aspire.Dashboard.csproj]
C:\Development\Source\aspire\src\Aspire.Dashboard\Components\Pages\Login.razor(29,21): error RZ10012: Found markup element with unexpected name 'FluentValidationMessage'. If this is intended to be a component, add a @using directive for its namespace. [C:\Development\Source\aspire\src\Aspire.Dashboard\Aspire.Dashboard.csproj]
C:\Development\Source\aspire\src\Aspire.Dashboard\Components\Pages\Metrics.razor(53,13): error RZ10012: Found markup element with unexpected name 'FluentInputLabel'. If this is intended to be a component, add a @using directive for its namespace. [C:\Development\Source\aspire\src\Aspire.Dashboard\Aspire.Dashboard.csproj]
C:\Development\Source\aspire\src\Aspire.Dashboard\Components\Pages\Resources.razor(79,17): error RZ10012: Found markup element with unexpected name 'Body'. If this is intended to be a component, add a @using directive for its namespace. [C:\Development\Source\aspire\src\Aspire.Dashboard\Aspire.Dashboard.csproj]
C:\Development\Source\aspire\src\Aspire.Dashboard\Components\ResourcesGridColumns\UrlsColumnDisplay.razor(40,21): error RZ10012: Found markup element with unexpected name 'Header'. If this is intended to be a component, add a @using directive for its namespace. [C:\Development\Source\aspire\src\Aspire.Dashboard\Aspire.Dashboard.csproj]
C:\Development\Source\aspire\src\Aspire.Dashboard\Components\ResourcesGridColumns\UrlsColumnDisplay.razor(43,21): error RZ10012: Found markup element with unexpected name 'Body'. If this is intended to be a component, add a @using directive for its namespace. [C:\Development\Source\aspire\src\Aspire.Dashboard\Aspire.Dashboard.csproj]
C:\Development\Source\aspire\src\Aspire.Dashboard\Model\MessageService\DialogParameters.cs(64,32): error CS0108: 'DialogParameters<TContent>.Alignment' hides inherited member 'DialogParameters.Alignment'. Use the new keyword if hiding was intended. [C:\Development\Source\aspire\src\Aspire.Dashboard\Aspire.Dashboard.csproj]
C:\Development\Source\aspire\src\Aspire.Dashboard\Configuration\DashboardOptions.cs(429,38): error SYSLIB0057: 'X509Certificate2.X509Certificate2(byte[])' is obsolete: 'Loading certificate data through the constructor or Import is obsolete. Use X509CertificateLoader instead to load certificates.' (https://aka.ms/dotnet-warnings/SYSLIB0057) [C:\Development\Source\aspire\src\Aspire.Dashboard\Aspire.Dashboard.csproj]
C:\Development\Source\aspire\src\Aspire.Dashboard\Components\Controls\Chart\ChartContainer.razor(33,72): error CS8974: Converting method group 'OnTabChangeAsync' to non-delegate type 'object'. Did you intend to invoke the method? [C:\Development\Source\aspire\src\Aspire.Dashboard\Aspire.Dashboard.csproj]
C:\Development\Source\aspire\src\Aspire.Dashboard\ServiceClient\DashboardClient.cs(186,25): error SYSLIB0057: 'X509Certificate2.X509Certificate2(string, string?)' is obsolete: 'Loading certificate data through the constructor or Import is obsolete. Use X509CertificateLoader instead to load certificates.' (https://aka.ms/dotnet-warnings/SYSLIB0057) [C:\Development\Source\aspire\src\Aspire.Dashboard\Aspire.Dashboard.csproj]
C:\Development\Source\aspire\src\Aspire.Dashboard\Components\Dialogs\TextVisualizerDialog.razor(23,51): error CS8974: Converting method group 'OnFormatOptionChanged' to non-delegate type 'object'. Did you intend to invoke the method? [C:\Development\Source\aspire\src\Aspire.Dashboard\Aspire.Dashboard.csproj]
C:\Development\Source\aspire\src\Aspire.Dashboard\Components\Dialogs\GenAIVisualizerDialog.razor(65,106): error CS8974: Converting method group 'OnMessageTabChange' to non-delegate type 'object'. Did you intend to invoke the method? [C:\Development\Source\aspire\src\Aspire.Dashboard\Aspire.Dashboard.csproj]
C:\Development\Source\aspire\src\Aspire.Dashboard\Components\Dialogs\GenAIVisualizerDialog.razor(262,109): error CS8974: Converting method group 'OnOverviewTabChange' to non-delegate type 'object'. Did you intend to invoke the method? [C:\Development\Source\aspire\src\Aspire.Dashboard\Aspire.Dashboard.csproj]
C:\Development\Source\aspire\src\Aspire.Dashboard\Components\Pages\Resources.razor(103,145): error CS8974: Converting method group 'OnTabChangeAsync' to non-delegate type 'object'. Did you intend to invoke the method? [C:\Development\Source\aspire\src\Aspire.Dashboard\Aspire.Dashboard.csproj]
C:\Development\Source\aspire\src\Aspire.Dashboard\Components\Controls\AspireMenu.razor.cs(52,26): error IDE0059: Unnecessary assignment of a value to 'menu' (https://learn.microsoft.com/dotnet/fundamentals/code-analysis/style-rules/ide0059) [C:\Development\Source\aspire\src\Aspire.Dashboard\Aspire.Dashboard.csproj]
C:\Development\Source\aspire\src\Aspire.Dashboard\Components\Controls\AspireMenu.razor.cs(112,18): error IDE0051: Private member 'AspireMenu.OnOpenChanged' is unused (https://learn.microsoft.com/dotnet/fundamentals/code-analysis/style-rules/ide0051) [C:\Development\Source\aspire\src\Aspire.Dashboard\Aspire.Dashboard.csproj]
C:\Development\Source\aspire\src\Aspire.Dashboard\Components\Controls\ResourceSelect.razor.cs(51,25): error IDE0051: Private member 'ResourceSelect.ValuedChanged' is unused (https://learn.microsoft.com/dotnet/fundamentals/code-analysis/style-rules/ide0051) [C:\Development\Source\aspire\src\Aspire.Dashboard\Aspire.Dashboard.csproj]
C:\Development\Source\aspire\src\Aspire.Dashboard\Components\Controls\ResourceSelect.razor.cs(51,47): error IDE0060: Remove unused parameter 'value' (https://learn.microsoft.com/dotnet/fundamentals/code-analysis/style-rules/ide0060) [C:\Development\Source\aspire\src\Aspire.Dashboard\Aspire.Dashboard.csproj]
C:\Development\Source\aspire\src\Aspire.Dashboard\Model\DashboardDialogService.cs(19,20): error IDE0051: Private member 'DashboardDialogService.CloseButtonText' is unused (https://learn.microsoft.com/dotnet/fundamentals/code-analysis/style-rules/ide0051) [C:\Development\Source\aspire\src\Aspire.Dashboard\Aspire.Dashboard.csproj]
C:\Development\Source\aspire\src\Aspire.Dashboard\Model\DashboardCommandExecutor.cs(287,13): error IDE0059: Unnecessary assignment of a value to 'reference' (https://learn.microsoft.com/dotnet/fundamentals/code-analysis/style-rules/ide0059) [C:\Development\Source\aspire\src\Aspire.Dashboard\Aspire.Dashboard.csproj]
C:\Development\Source\aspire\src\Aspire.Dashboard\Components\Dialogs\SettingsDialog.razor.cs(96,25): error IDE0051: Private member 'SettingsDialog.ValueChanged' is unused (https://learn.microsoft.com/dotnet/fundamentals/code-analysis/style-rules/ide0051) [C:\Development\Source\aspire\src\Aspire.Dashboard\Aspire.Dashboard.csproj]
C:\Development\Source\aspire\src\Aspire.Dashboard\Components\Dialogs\SettingsDialog.razor.cs(96,46): error IDE0060: Remove unused parameter 'value' (https://learn.microsoft.com/dotnet/fundamentals/code-analysis/style-rules/ide0060) [C:\Development\Source\aspire\src\Aspire.Dashboard\Aspire.Dashboard.csproj]
C:\Development\Source\aspire\src\Aspire.Dashboard\Components\Pages\Resources.razor.cs(998,24): error IDE0051: Private member 'Resources.ContextMenuClosed' is unused (https://learn.microsoft.com/dotnet/fundamentals/code-analysis/style-rules/ide0051) [C:\Development\Source\aspire\src\Aspire.Dashboard\Aspire.Dashboard.csproj]
C:\Development\Source\aspire\src\Aspire.Dashboard\Components\Pages\Resources.razor.cs(998,93): error IDE0060: Remove unused parameter 'args' (https://learn.microsoft.com/dotnet/fundamentals/code-analysis/style-rules/ide0060) [C:\Development\Source\aspire\src\Aspire.Dashboard\Aspire.Dashboard.csproj]
C:\Development\Source\aspire\src\Aspire.Dashboard\Components\Controls\SpanDetails.razor.cs(14,1): error IDE0005: Using directive is unnecessary. (https://learn.microsoft.com/dotnet/fundamentals/code-analysis/style-rules/ide0005) [C:\Development\Source\aspire\src\Aspire.Dashboard\Aspire.Dashboard.csproj]
C:\Development\Source\aspire\src\Aspire.Dashboard\Components\Dialogs\InteractionsInputDialog.razor.cs(4,1): error IDE0005: Using directive is unnecessary. (https://learn.microsoft.com/dotnet/fundamentals/code-analysis/style-rules/ide0005) [C:\Development\Source\aspire\src\Aspire.Dashboard\Aspire.Dashboard.csproj]
C:\Development\Source\aspire\src\Aspire.Dashboard\Components\Dialogs\AIAgentsDialog.razor.cs(11,1): error IDE0005: Using directive is unnecessary. (https://learn.microsoft.com/dotnet/fundamentals/code-analysis/style-rules/ide0005) [C:\Development\Source\aspire\src\Aspire.Dashboard\Aspire.Dashboard.csproj]
C:\Development\Source\aspire\src\Aspire.Dashboard\Model\TraceLinkHelpers.cs(7,1): error IDE0005: Using directive is unnecessary. (https://learn.microsoft.com/dotnet/fundamentals/code-analysis/style-rules/ide0005) [C:\Development\Source\aspire\src\Aspire.Dashboard\Aspire.Dashboard.csproj]
C:\Development\Source\aspire\src\Aspire.Dashboard\Otlp\Storage\TelemetryRepository.cs(18,1): error IDE0005: Using directive is unnecessary. (https://learn.microsoft.com/dotnet/fundamentals/code-analysis/style-rules/ide0005) [C:\Development\Source\aspire\src\Aspire.Dashboard\Aspire.Dashboard.csproj]
    0 Warning(s)
    61 Error(s)

Time Elapsed 00:00:10.03
